{
  "version": "1.5.0",
  "plugins_used": [
    {
      "name": "ArtifactoryDetector"
    },
    {
      "name": "AWSKeyDetector"
    },
    {
      "name": "AzureStorageKeyDetector"
    },
    {
      "name": "Base64HighEntropyString",
      "limit": 4.5
    },
    {
      "name": "BasicAuthDetector"
    },
    {
      "name": "CloudantDetector"
    },
    {
      "name": "DiscordBotTokenDetector"
    },
    {
      "name": "GitHubTokenDetector"
    },
    {
      "name": "GitLabTokenDetector"
    },
    {
      "name": "IbmCloudIamDetector"
    },
    {
      "name": "IbmCosHmacDetector"
    },
    {
      "name": "IPPublicDetector"
    },
    {
      "name": "JwtTokenDetector"
    },
    {
      "name": "KeywordDetector",
      "keyword_exclude": ""
    },
    {
      "name": "MailchimpDetector"
    },
    {
      "name": "NpmDetector"
    },
    {
      "name": "OpenAIDetector"
    },
    {
      "name": "PrivateKeyDetector"
    },
    {
      "name": "PypiTokenDetector"
    },
    {
      "name": "SendGridDetector"
    },
    {
      "name": "SlackDetector"
    },
    {
      "name": "SoftlayerDetector"
    },
    {
      "name": "SquareOAuthDetector"
    },
    {
      "name": "StripeDetector"
    },
    {
      "name": "TelegramBotTokenDetector"
    },
    {
      "name": "TwilioKeyDetector"
    }
  ],
  "filters_used": [
    {
      "path": "detect_secrets.filters.allowlist.is_line_allowlisted"
    },
    {
      "path": "detect_secrets.filters.common.is_ignored_due_to_verification_policies",
      "min_level": 2
    },
    {
      "path": "detect_secrets.filters.heuristic.is_indirect_reference"
    },
    {
      "path": "detect_secrets.filters.heuristic.is_likely_id_string"
    },
    {
      "path": "detect_secrets.filters.heuristic.is_lock_file"
    },
    {
      "path": "detect_secrets.filters.heuristic.is_not_alphanumeric_string"
    },
    {
      "path": "detect_secrets.filters.heuristic.is_potential_uuid"
    },
    {
      "path": "detect_secrets.filters.heuristic.is_prefixed_with_dollar_sign"
    },
    {
      "path": "detect_secrets.filters.heuristic.is_sequential_string"
    },
    {
      "path": "detect_secrets.filters.heuristic.is_swagger_file"
    },
    {
      "path": "detect_secrets.filters.heuristic.is_templated_secret"
    },
    {
      "path": "detect_secrets.filters.regex.should_exclude_file",
      "pattern": [
        "^\\.secrets\\.baseline$"
      ]
    }
  ],
  "results": {
    ".env.example": [
      {
        "type": "Basic Auth Credentials",
        "filename": ".env.example",
        "hashed_secret": "9d4e1e23bd5b727046a9e3b4b7db57bd8d6ee684",
        "is_verified": false
      }
    ],
    ".github/workflows/ci.yml": [
      {
        "type": "Secret Keyword",
        "filename": ".github/workflows/ci.yml",
        "hashed_secret": "afc848c316af1a89d49826c5ae9d00ed769415f3",
        "is_verified": false
      },
      {
        "type": "Basic Auth Credentials",
        "filename": ".github/workflows/ci.yml",
        "hashed_secret": "afc848c316af1a89d49826c5ae9d00ed769415f3",
        "is_verified": false
      }
    ],
    "VERCEL_DEPLOY.md": [
      {
        "type": "Basic Auth Credentials",
        "filename": "VERCEL_DEPLOY.md",
        "hashed_secret": "b60d121b438a380c343d5ec3c2037564b82ffef3",
        "is_verified": false
      }
    ],
    "curation_ui/templates/map.html": [
      {
        "type": "Base64 High Entropy String",
        "filename": "curation_ui/templates/map.html",
        "hashed_secret": "5da80c0d1153cc9a1707bc935c238bc2a3fdab73",
        "is_verified": false
      },
      {
        "type": "Base64 High Entropy String",
        "filename": "curation_ui/templates/map.html",
        "hashed_secret": "0d230b4db928292f09ed14ba805cea7367bdf479",
        "is_verified": false
      }
    ],
    "supabase/config.toml": [
      {
        "type": "Secret Keyword",
        "filename": "supabase/config.toml",
        "hashed_secret": "48aac301e9be111dbb4849dd732ccb7d192dc053",
        "is_verified": false
      },
      {
        "type": "Secret Keyword",
        "filename": "supabase/config.toml",
        "hashed_secret": "af913413f945c4eb11986826db51cd6d85c2f996",
        "is_verified": false
      },
      {
        "type": "Secret Keyword",
        "filename": "supabase/config.toml",
        "hashed_secret": "7cb6efb98ba5972a9b5090dc2e517fe14d12cb04",
        "is_verified": false
      },
      {
        "type": "Secret Keyword",
        "filename": "supabase/config.toml",
        "hashed_secret": "30c8249c0f2a25c5eecffceb0428715f274773ec",
        "is_verified": false
      },
      {
        "type": "Secret Keyword",
        "filename": "supabase/config.toml",
        "hashed_secret": "d69adab9ea54bd310869061f85347474d740d467",
        "is_verified": false
      }
    ],
    "tests/test_checkpoint_cron.py": [
      {
        "type": "Basic Auth Credentials",
        "filename": "tests/test_checkpoint_cron.py",
        "hashed_secret": "1a91d62f7ca67399625a4368a6ab5d4a3baa6073",
        "is_verified": false
      }
    ],
    "tests/test_translation_groq.py": [
      {
        "type": "Secret Keyword",
        "filename": "tests/test_translation_groq.py",
        "hashed_secret": "8a1c8625e411340c6b3877fef00765c314994005",
        "is_verified": false
      }
    ],
    "tests/test_transparency_log_check.py": [
      {
        "type": "Basic Auth Credentials",
        "filename": "tests/test_transparency_log_check.py",
        "hashed_secret": "1a91d62f7ca67399625a4368a6ab5d4a3baa6073",
        "is_verified": false
      }
    ],
    "tests/test_url_canonicalization_v1.py": [
      {
        "type": "Basic Auth Credentials",
        "filename": "tests/test_url_canonicalization_v1.py",
        "hashed_secret": "e5e9fa1ba31ecd1ae84f75caaa474f3a663f05f4",
        "is_verified": false
      }
    ],
    "tests/test_verification.py": [
      {
        "type": "Basic Auth Credentials",
        "filename": "tests/test_verification.py",
        "hashed_secret": "9d4e1e23bd5b727046a9e3b4b7db57bd8d6ee684",
        "is_verified": false
      },
      {
        "type": "Basic Auth Credentials",
        "filename": "tests/test_verification.py",
        "hashed_secret": "afc848c316af1a89d49826c5ae9d00ed769415f3",
        "is_verified": false
      }
    ]
  }
}
