[     666ms] [LOG] %c
▲

    ____                               _ __
   / __ \________  ____ _____ ___     (_) /_
  / / / / ___/ _ \/ __ `/ __ `__ \   / / __/
 / /_/ / /  /  __/ /_/ / / / / / /  / / /__
/_____/_/   \___/\__,_/_/ /_/ /_/  /_/\__( )
   _____ __    _          _ __           |/
  / ___// /_  (_)___     (_) /_
  \__ \/ __ \/ / __ \   / / __/
 ___/ / / / / / /_/ /  / / /_
/____/_/ /_/_/ .___/  /_/\__/
            /_/
  

Hello!

- Open Source https://vercel.com/oss
- Careers https://vercel.com/careers
- Status https://www.vercel-status.com

 font-family: "Geist Mono", monospace; white-space: pre; line-height: 1; @ https://vercel.com/_next/static/immutable/chunks/21fepoxpv7fr_.js:78
[     963ms] [WARNING] Deprecated API for given entry type. @ https://vercel.com/_next/static/immutable/chunks/3-sz5-pf21v5l.js:18
[     990ms] [WARNING] [GSI_LOGGER]: Your client application uses one of the Google One Tap prompt UI status methods that may stop functioning when FedCM becomes mandatory. Refer to the migration guide to update your code accordingly and opt-in to FedCM to test your changes. Learn more: https://developers.google.com/identity/gsi/web/guides/fedcm-migration?s=dc#display_moment and https://developers.google.com/identity/gsi/web/guides/fedcm-migration?s=dc#skipped_moment @ https://vercel.com/_next/static/immutable/chunks/3-sz5-pf21v5l.js:16
[     992ms] [ERROR] Not signed in with the identity provider. @ https://vercel.com/login?next=%2Fsso-api%3Furl%3Dhttps%253A%252F%252Fnews-pipeline-idpehwhkz-pusscatsmurf-2366s-projects.vercel.app%252F%253Fbypass_token%253Dredacted%26nonce%3D2139d84f4c15f9bf4fdc7960c768b86873512a36ce61b5225bf7745993767a93:0
[    1212ms] [ERROR] Failed to load resource: the server responded with a status of 403 () @ https://vercel.com/api/jwt:0
[    2794ms] [ERROR] [GSI_LOGGER]: FedCM get() rejects with NetworkError: Error retrieving a token. @ https://vercel.com/_next/static/immutable/chunks/372fd428u486w.js:8
[    5976ms] [WARNING] The resource https://vercel.com/_next/static/immutable/chunks/00mhwhhbtjfmf.css was preloaded using link preload but not used within a few seconds from the window's load event. Please make sure it has an appropriate `as` value and it is preloaded intentionally. @ https://vercel.com/login?next=%2Fsso-api%3Furl%3Dhttps%253A%252F%252Fnews-pipeline-idpehwhkz-pusscatsmurf-2366s-projects.vercel.app%252F%253Fbypass_token%253Dredacted%26nonce%3D2139d84f4c15f9bf4fdc7960c768b86873512a36ce61b5225bf7745993767a93:0
[    5977ms] [WARNING] The resource https://vercel.com/_next/static/immutable/chunks/1oqrys_hl1v9v.css was preloaded using link preload but not used within a few seconds from the window's load event. Please make sure it has an appropriate `as` value and it is preloaded intentionally. @ https://vercel.com/login?next=%2Fsso-api%3Furl%3Dhttps%253A%252F%252Fnews-pipeline-idpehwhkz-pusscatsmurf-2366s-projects.vercel.app%252F%253Fbypass_token%253Dredacted%26nonce%3D2139d84f4c15f9bf4fdc7960c768b86873512a36ce61b5225bf7745993767a93:0
[    5977ms] [WARNING] The resource https://vercel.com/_next/static/immutable/chunks/3flhcz7cw314y.css was preloaded using link preload but not used within a few seconds from the window's load event. Please make sure it has an appropriate `as` value and it is preloaded intentionally. @ https://vercel.com/login?next=%2Fsso-api%3Furl%3Dhttps%253A%252F%252Fnews-pipeline-idpehwhkz-pusscatsmurf-2366s-projects.vercel.app%252F%253Fbypass_token%253Dredacted%26nonce%3D2139d84f4c15f9bf4fdc7960c768b86873512a36ce61b5225bf7745993767a93:0
[   13478ms] [VERBOSE] [DOM] Password field is not contained in a form: (More info: https://goo.gl/9p2vKq) %o @ https://accounts.google.com/v3/signin/identifier?opparams=%253F&dsh=S186046164%3A1789773552505969&client_id=258013614557-nema0dumfbottebi6to7aqi85qot9pvs.apps.googleusercontent.com&o2v=2&redirect_uri=https%3A%2F%2Fvercel.com%2Fapi%2Fregistration%2Fgoogle%2Fcallback&response_type=code&scope=openid+profile+email&service=lso&state=22aef6780b91a4b00305972abfe8b677def5c03a8b771faa1e4a9ead0dc00c15e6ac63239c558919bcca429a70ec0fea4bc4a5d26873791f067ab63e7aa0283776dcd8c93e2dd645053c3ba4a34edae997305e49ad07e6172bca659eba962730fa1adb6fcde58f23ce6d7fa72fccbc000ada56ee0d0eb1d1db0e512074d75a7db7d2ec909df46640e00495c65ab151b30454034972157c49b64cee201ea0a7731b5228b1ed8e8539264ede54322de544da46e9a32d5b7a18aa357a386cdced1ebe5691cc7c2050a9864ffbd0201c776f34f3583136b01312da6d338788358ef115bb2b850b33b0b8c795cd8a26a75a788fadc4a6f9954ee03c176ab0ffee1b1daba59ead67f44433f700b6a292b5e6688ec26602b65ba7a7bdee2066878586a06702543cc504858a71c29cdb1637c83e889d1fd795c34d4b298d644ee28b854c79ccb1143c2bd7bbb4a99ba20e6855bc730326c91728331a275a2ee73a02b74df395edcee8ceeb56fb55cc1e93c83b26853967b939fecd5e6efb77215b38cae5b2e089fe1fef1f7f0245e9168deac03f3f27ebe58a968fce4b4f8edc83af55844a7ce4f15b626f8b7a7902ea89821ff67dc305f5787e1006462e12d2f2e8131b2f3e1eb6d3edb01070e8fabf65984beb7966ee476ab9f429&flowName=GeneralOAuthFlow&continue=https%3A%2F%2Faccounts.google.com%2Fsignin%2Foauth%2Fconsent%3Fauthuser%3Dunknown%26part%3DAJi8hANouqWdoLygJCfEwG5MY6vNT8fVYoPfp2Ypk5HBasNMu0VqmnBnhK4IsW7IyQh3p6FEMmqdeu3J5FVc9YGj1A79K0Gy5734KpIvGIJCtlB1p0gfugQDPTBlFPK_aNSr8OJogKRoj-KqCNIbZuazBG0O4RBpI5JbM4MRCbbCK1duCT9KT66oTyoHBf3AQiWTvrLKRWOq9tOmT6chMzWFSTolE3Z_Rd6xIlpRwfWh_4D85rlWD-wzktGVvxT69O_88NMufyNpWRzlkC_xGCENWms41-6XQEjM3X6WfsZqjAqzWRdDcOOWYypOmYRMRaf8h-QOUl3pwuJd_9kaZhKD3m2oK3rau-TVny7ALtQd7a1fdmOirn4YNsrNhVBI7o3xSywgLz0pg8mqK-kawxDoBjEhbW5iDH7Xxkabb_3CCtPygFJDtN6IAuOJubUokkw0rwIOYEF-VFJL7zNiiVMjrjj-wtdU7g%26flowName%3DGeneralOAuthFlow%26as%3DS186046164%253A1789773552505969%26client_id%3D258013614557-nema0dumfbottebi6to7aqi85qot9pvs.apps.googleusercontent.com%26requestPath%3D%252Fsignin%252Foauth%252Fconsent%23&app_domain=https%3A%2F%2Fvercel.com&rart=ANgoxcdFVJojt9ZOte294Yug0KWWc-0JcxPMEW0dkQQ3iY6QS5ivgc4hZa0D0TxgehvrJMfxyNwzl_oODgJTTX3esU2Z2_LdtHgIP2ubj84J4Vj8vT4Mqt4:0
[   13482ms] [LOG] %c%s color: red; background: yellow; font-size: 24px; WARNING! @ https://www.gstatic.com/_/mss/boq-identity/_/js/k=boq-identity.AccountsSignInUi.en_US.wV2-Y3VP3sg.es5.O/am=QQQAAABw4I0EAP1vAAABBNsB39cC0AQIGQAAAAAAAAAAwAoAAFQRQA/d=1/excm=_b,_tp,identifierview/ed=1/dg=0/wt=2/ujg=1/rs=AOaEmlFDX2EvSLRGkbuzKvZhu0Wu2dzn1Q/dti=1/m=_b,_tp:562
[   13482ms] [LOG] %c%s font-size: 18px; Using this console may allow attackers to impersonate you and steal your information using an attack called Self-XSS.
Do not enter or paste code that you do not understand. @ https://www.gstatic.com/_/mss/boq-identity/_/js/k=boq-identity.AccountsSignInUi.en_US.wV2-Y3VP3sg.es5.O/am=QQQAAABw4I0EAP1vAAABBNsB39cC0AQIGQAAAAAAAAAAwAoAAFQRQA/d=1/excm=_b,_tp,identifierview/ed=1/dg=0/wt=2/ujg=1/rs=AOaEmlFDX2EvSLRGkbuzKvZhu0Wu2dzn1Q/dti=1/m=_b,_tp:562
[   13648ms] [WARNING] The powerPreference option is currently ignored when calling requestAdapter() on Windows. See https://crbug.com/369219127 @ :0
[   13649ms] [WARNING] The powerPreference option is currently ignored when calling requestAdapter() on Windows. See https://crbug.com/369219127 @ :0
[   64218ms] [LOG] %c
▲

 _____ _              _                    _   _             __
|_   _| |__   ___    / \   __ _  ___ _ __ | |_(_) ___       / /
  | | | '_ \ / _ \  / _ \ / _` |/ _ \ '_ \| __| |/ __|     / /
  | | | | | |  __/ / ___ \ (_| |  __/ | | | |_| | (__     /_/
  |_| |_| |_|\___|/_/   \_\__, |\___|_| |_|\__|_|\___|    (_)
                           |___/
 ___        __               _                   _                 _
|_ _|_ __  / _|_ __ __ _ ___| |_ _ __ _   _  ___| |_ _   _ _ __ ___
 | || '_ \| |_| '__/ _` / __| __| '__| | | |/ __| __| | | | '__/ _ \
 | || | | |  _| | | (_| \__ \ |_| |  | |_| | (__| |_| |_| | | |  __/
|___|_| |_|_| |_|  \__,_|___/\__|_|   \__,_|\___|\__|\__,_|_|  \___|
  

Hello!

- Open Source https://vercel.com/oss
- Careers https://vercel.com/careers
- Status https://www.vercel-status.com

 font-family: "Geist Mono", monospace; white-space: pre; line-height: 1; @ https://vercel.com/_next/static/immutable/chunks/21fepoxpv7fr_.js:78
[   64278ms] [WARNING] Deprecated API for given entry type. @ https://vercel.com/_next/static/immutable/chunks/3-sz5-pf21v5l.js:18
[   64327ms] [WARNING] [GSI_LOGGER]: Your client application uses one of the Google One Tap prompt UI status methods that may stop functioning when FedCM becomes mandatory. Refer to the migration guide to update your code accordingly and opt-in to FedCM to test your changes. Learn more: https://developers.google.com/identity/gsi/web/guides/fedcm-migration?s=dc#display_moment and https://developers.google.com/identity/gsi/web/guides/fedcm-migration?s=dc#skipped_moment @ https://vercel.com/_next/static/immutable/chunks/3-sz5-pf21v5l.js:16
[   64342ms] [ERROR] Not signed in with the identity provider. @ https://vercel.com/login?next=%2Fsso-api%3Furl%3Dhttps%253A%252F%252Fnews-pipeline-idpehwhkz-pusscatsmurf-2366s-projects.vercel.app%252F%253Fbypass_token%253Dredacted%26nonce%3D2139d84f4c15f9bf4fdc7960c768b86873512a36ce61b5225bf7745993767a93:0
[   64535ms] [ERROR] Failed to load resource: the server responded with a status of 403 () @ https://vercel.com/api/jwt:0
[   65249ms] [ERROR] [GSI_LOGGER]: FedCM get() rejects with AbortError: signal is aborted without reason @ https://vercel.com/_next/static/immutable/chunks/372fd428u486w.js:8
[   65353ms] [ERROR] Failed to load resource: the server responded with a status of 429 () @ https://o205439.ingest.sentry.io/api/1323670/envelope/?sentry_key=d00780d432ac4ccf882f60dd02062e14&sentry_version=7&sentry_client=sentry.javascript.browser%2F7.111.0:0
[   66357ms] [VERBOSE] [DOM] Password field is not contained in a form: (More info: https://goo.gl/9p2vKq) %o @ https://accounts.google.com/v3/signin/identifier?opparams=%253F&dsh=S-416282207%3A1789773605240835&client_id=258013614557-nema0dumfbottebi6to7aqi85qot9pvs.apps.googleusercontent.com&o2v=2&redirect_uri=https%3A%2F%2Fvercel.com%2Fapi%2Fregistration%2Fgoogle%2Fcallback&response_type=code&scope=openid+profile+email&service=lso&state=e54db3868323cdffe06395c9635f78c506e0510d43da05567334328947eba3102fd5bc0aadfbf9009bb5f7e356892643d5731c9058ea3018328de361e5b47509ee229efd58ffe773e7eeefdaf9a2c4895b1417e27924f6971d32abead1e42f532b8d1d5227740ad00f9f3cde21cd28adaf329cd6104857814913fefa5621749b5cca59eaceaa35d6f212b43a24bdff685903bf4098734e46cba1e6b1235568334f7dc32568f43d778ebb06f85ecea7e862d20f680277c50de9dc7b95cbc1cdf0dcdfbc037921f74d4106bf88ea99fc09c74a17be42f25ec55bfe375699f18942ef0101f2bfae7522c0b2db7cf64aba7d9892a1a95071ad8239f4778ae5624ce5cb52bbb5d12a471d08af67356019a23da1e786e00742b94986de7f5e20063531cb38db6848d7ccd8472f0603dc7ee7512e5d993193527c974d4ad06297ec40b770de92a301b30dc238eb24290a442d44e2529446438648d7fa5b5c50602a3d016590a05f6ee5352b43842e82593afc1ce9db54ca74eab81d2e2ee04e6cd94b8685d2965483d8804e497b470a51dfced3ff3c5703d40287b4c021d9b4b089bca84a19cd18f8919c6e18a9426c5cac886da7eec1337c58b3da75bd04f73ca4d93a05ddba36263463320a02ada38e1fa664599be0422f9d8185&flowName=GeneralOAuthFlow&continue=https%3A%2F%2Faccounts.google.com%2Fsignin%2Foauth%2Fconsent%3Fauthuser%3Dunknown%26part%3DAJi8hANrf1Pwr1dW7GwpPyCUT1qSie_FimXMEaqEuWPMOgNRwYK9vpSrhgtB5YjZdDJhnaRNp7r2ksvwZw4r9q8rNkF3a6A5Z0cKFrOX_NcvNHc-aibcAUwgmFcGalhvpxJr8xOC6OmWBsnpB5y_ibFnJNYNZMUDtVZc3pIBBkfyC4j974hC9yzLl8_9ujCh-yniud2bVRz-eP1_B_pfrb1I1bC6xqC2Mfby4U-dN_kV-3HDnIZW7ocJQ1Ye83aC_1wJSXyKprBsXP12BdyF7BI3kqzy5QgsMy145yqX28no4ioeByITfMP1veDfHHStsDqcoQiLljw9D141lMeN7KVQnQGMEXigAbRQY84VpjjY2r28rYJDfMzlrKh34vYRa2z4WLsJ-75ZTqHWW78oGIAzBqydwtRcr2Za_f_6zLgzLIdijDnc3bZduZqEOdJhMScjeeYq26eIQXT45t8sQdPLeFUJN0XPuA%26flowName%3DGeneralOAuthFlow%26as%3DS-416282207%253A1789773605240835%26client_id%3D258013614557-nema0dumfbottebi6to7aqi85qot9pvs.apps.googleusercontent.com%26requestPath%3D%252Fsignin%252Foauth%252Fconsent%23&app_domain=https%3A%2F%2Fvercel.com&rart=ANgoxcdfsz-fQKvrzzXI7ecfkp6gdAhKoFvbVT6Fc77RHflsGchbHb6NUdHV2KG4oR_H8XqM3A--qC2F7_Xfr0OVPftVW7Aic8Wfj_ylUx0_Uqydes5oFtk:0
[   66361ms] [LOG] %c%s color: red; background: yellow; font-size: 24px; WARNING! @ https://www.gstatic.com/_/mss/boq-identity/_/js/k=boq-identity.AccountsSignInUi.en_US.wV2-Y3VP3sg.es5.O/am=QQQAAABw4I0EAP1vAAABBNsB39cC0AQIGQAAAAAAAAAAwAoAAFQRQA/d=1/excm=_b,_tp,identifierview/ed=1/dg=0/wt=2/ujg=1/rs=AOaEmlFDX2EvSLRGkbuzKvZhu0Wu2dzn1Q/dti=1/m=_b,_tp:562
[   66361ms] [LOG] %c%s font-size: 18px; Using this console may allow attackers to impersonate you and steal your information using an attack called Self-XSS.
Do not enter or paste code that you do not understand. @ https://www.gstatic.com/_/mss/boq-identity/_/js/k=boq-identity.AccountsSignInUi.en_US.wV2-Y3VP3sg.es5.O/am=QQQAAABw4I0EAP1vAAABBNsB39cC0AQIGQAAAAAAAAAAwAoAAFQRQA/d=1/excm=_b,_tp,identifierview/ed=1/dg=0/wt=2/ujg=1/rs=AOaEmlFDX2EvSLRGkbuzKvZhu0Wu2dzn1Q/dti=1/m=_b,_tp:562
[   66560ms] [WARNING] The powerPreference option is currently ignored when calling requestAdapter() on Windows. See https://crbug.com/369219127 @ :0
[   66561ms] [WARNING] The powerPreference option is currently ignored when calling requestAdapter() on Windows. See https://crbug.com/369219127 @ :0
[   76991ms] [VERBOSE] [DOM] Password field is not contained in a form: (More info: https://goo.gl/9p2vKq) %o @ https://accounts.google.com/v3/signin/challenge/pwd?TL=ACv9tzFGD_dfLKiXWpmbILobsiU37eWjGgtu6esTtER-APRk2U3E5vp1LJTYRcM5&app_domain=https%3A%2F%2Fvercel.com&checkConnection=youtube%3A241&checkedDomains=youtube&cid=3&client_id=258013614557-nema0dumfbottebi6to7aqi85qot9pvs.apps.googleusercontent.com&continue=https%3A%2F%2Faccounts.google.com%2Fsignin%2Foauth%2Fconsent%3Fauthuser%3Dunknown%26part%3DAJi8hANrf1Pwr1dW7GwpPyCUT1qSie_FimXMEaqEuWPMOgNRwYK9vpSrhgtB5YjZdDJhnaRNp7r2ksvwZw4r9q8rNkF3a6A5Z0cKFrOX_NcvNHc-aibcAUwgmFcGalhvpxJr8xOC6OmWBsnpB5y_ibFnJNYNZMUDtVZc3pIBBkfyC4j974hC9yzLl8_9ujCh-yniud2bVRz-eP1_B_pfrb1I1bC6xqC2Mfby4U-dN_kV-3HDnIZW7ocJQ1Ye83aC_1wJSXyKprBsXP12BdyF7BI3kqzy5QgsMy145yqX28no4ioeByITfMP1veDfHHStsDqcoQiLljw9D141lMeN7KVQnQGMEXigAbRQY84VpjjY2r28rYJDfMzlrKh34vYRa2z4WLsJ-75ZTqHWW78oGIAzBqydwtRcr2Za_f_6zLgzLIdijDnc3bZduZqEOdJhMScjeeYq26eIQXT45t8sQdPLeFUJN0XPuA%26flowName%3DGeneralOAuthFlow%26as%3DS-416282207%253A1789773605240835%26client_id%3D258013614557-nema0dumfbottebi6to7aqi85qot9pvs.apps.googleusercontent.com%26requestPath%3D%252Fsignin%252Foauth%252Fconsent%23&dsh=S-416282207%3A1789773605240835&flowName=GeneralOAuthFlow&o2v=2&opparams=%253F&pstMsg=1&rart=ANgoxcdfsz-fQKvrzzXI7ecfkp6gdAhKoFvbVT6Fc77RHflsGchbHb6NUdHV2KG4oR_H8XqM3A--qC2F7_Xfr0OVPftVW7Aic8Wfj_ylUx0_Uqydes5oFtk&redirect_uri=https%3A%2F%2Fvercel.com%2Fapi%2Fregistration%2Fgoogle%2Fcallback&response_type=code&scope=openid%20profile%20email&service=lso&state=e54db3868323cdffe06395c9635f78c506e0510d43da05567334328947eba3102fd5bc0aadfbf9009bb5f7e356892643d5731c9058ea3018328de361e5b47509ee229efd58ffe773e7eeefdaf9a2c4895b1417e27924f6971d32abead1e42f532b8d1d5227740ad00f9f3cde21cd28adaf329cd6104857814913fefa5621749b5cca59eaceaa35d6f212b43a24bdff685903bf4098734e46cba1e6b1235568334f7dc32568f43d778ebb06f85ecea7e862d20f680277c50de9dc7b95cbc1cdf0dcdfbc037921f74d4106bf88ea99fc09c74a17be42f25ec55bfe375699f18942ef0101f2bfae7522c0b2db7cf64aba7d9892a1a95071ad8239f4778ae5624ce5cb52bbb5d12a471d08af67356019a23da1e786e00742b94986de7f5e20063531cb38db6848d7ccd8472f0603dc7ee7512e5d993193527c974d4ad06297ec40b770de92a301b30dc238eb24290a442d44e2529446438648d7fa5b5c50602a3d016590a05f6ee5352b43842e82593afc1ce9db54ca74eab81d2e2ee04e6cd94b8685d2965483d8804e497b470a51dfced3ff3c5703d40287b4c021d9b4b089bca84a19cd18f8919c6e18a9426c5cac886da7eec1337c58b3da75bd04f73ca4d93a05ddba36263463320a02ada38e1fa664599be0422f9d8185:0
[   77332ms] [WARNING] The powerPreference option is currently ignored when calling requestAdapter() on Windows. See https://crbug.com/369219127 @ :0
[   89566ms] [ERROR] Failed to load resource: the server responded with a status of 404 () @ https://news-pipeline-idpehwhkz-pusscatsmurf-2366s-projects.vercel.app/?bypass_token=redacted:0
[   89681ms] [ERROR] Failed to load resource: the server responded with a status of 404 () @ https://news-pipeline-idpehwhkz-pusscatsmurf-2366s-projects.vercel.app/favicon.ico:0
